{"plan": {"execute": true, "max_concurrency": 5, "model": "z-ai/glm-5.2", "provider": "tailscale_medical_rag", "queued": 20, "selected": 20, "skipped_already_scored": 0}}
[14:23:43] [1/20 (5%)] tailscale_medical_rag/z-ai/glm-5.2 q=b142 r=1  API_ERROR=server_error  0.4s
{"outcome": {"attempt_delta": 1, "cell_key": "tailscale_medical_rag|A|b142|illes-balears|2022|caso-7|145|z-ai/glm-5.2|1", "error_message": null, "error_type": "server_error", "failure_class": "tailscale_http500_correlated_overlength_exact_input", "finish_reason": null, "integrity": "ok", "latency_ms": 422, "recovered": false, "score_count": 0, "status_code": 500}}
[14:23:43] [2/20 (10%)] tailscale_medical_rag/z-ai/glm-5.2 q=b153 r=1  API_ERROR=server_error  0.1s
{"outcome": {"attempt_delta": 1, "cell_key": "tailscale_medical_rag|A|b153|illes-balears|2022|caso-7|156|z-ai/glm-5.2|1", "error_message": null, "error_type": "server_error", "failure_class": "tailscale_http500_correlated_overlength_exact_input", "finish_reason": null, "integrity": "ok", "latency_ms": 143, "recovered": false, "score_count": 0, "status_code": 500}}
[14:23:43] [3/20 (15%)] tailscale_medical_rag/z-ai/glm-5.2 q=b143 r=1  API_ERROR=server_error  0.7s
{"outcome": {"attempt_delta": 1, "cell_key": "tailscale_medical_rag|A|b143|illes-balears|2022|caso-7|146|z-ai/glm-5.2|1", "error_message": null, "error_type": "server_error", "failure_class": "tailscale_http500_correlated_overlength_exact_input", "finish_reason": null, "integrity": "ok", "latency_ms": 664, "recovered": false, "score_count": 0, "status_code": 500}}
[14:23:43] [4/20 (20%)] tailscale_medical_rag/z-ai/glm-5.2 q=b148 r=1  API_ERROR=server_error  0.8s
[14:23:43] [5/20 (25%)] tailscale_medical_rag/z-ai/glm-5.2 q=b147 r=1  API_ERROR=server_error  0.8s
[14:23:43] [6/20 (30%)] tailscale_medical_rag/z-ai/glm-5.2 q=b151 r=1  API_ERROR=server_error  0.8s
{"outcome": {"attempt_delta": 1, "cell_key": "tailscale_medical_rag|A|b148|illes-balears|2022|caso-7|151|z-ai/glm-5.2|1", "error_message": null, "error_type": "server_error", "failure_class": "tailscale_http500_correlated_overlength_exact_input", "finish_reason": null, "integrity": "ok", "latency_ms": 765, "recovered": false, "score_count": 0, "status_code": 500}}
{"outcome": {"attempt_delta": 1, "cell_key": "tailscale_medical_rag|A|b151|illes-balears|2022|caso-7|154|z-ai/glm-5.2|1", "error_message": null, "error_type": "server_error", "failure_class": "tailscale_http500_correlated_overlength_exact_input", "finish_reason": null, "integrity": "ok", "latency_ms": 766, "recovered": false, "score_count": 0, "status_code": 500}}
{"outcome": {"attempt_delta": 1, "cell_key": "tailscale_medical_rag|A|b147|illes-balears|2022|caso-7|150|z-ai/glm-5.2|1", "error_message": null, "error_type": "server_error", "failure_class": "tailscale_http500_correlated_overlength_exact_input", "finish_reason": null, "integrity": "ok", "latency_ms": 767, "recovered": false, "score_count": 0, "status_code": 500}}
[14:23:43] [7/20 (35%)] tailscale_medical_rag/z-ai/glm-5.2 q=b154 r=1  API_ERROR=server_error  0.3s
[14:23:43] [8/20 (40%)] tailscale_medical_rag/z-ai/glm-5.2 q=b155 r=1  API_ERROR=server_error  0.3s
{"outcome": {"attempt_delta": 1, "cell_key": "tailscale_medical_rag|A|b154|illes-balears|2022|caso-7|157|z-ai/glm-5.2|1", "error_message": null, "error_type": "server_error", "failure_class": "tailscale_http500_correlated_overlength_exact_input", "finish_reason": null, "integrity": "ok", "latency_ms": 299, "recovered": false, "score_count": 0, "status_code": 500}}
{"outcome": {"attempt_delta": 1, "cell_key": "tailscale_medical_rag|A|b155|illes-balears|2022|caso-7|158|z-ai/glm-5.2|1", "error_message": null, "error_type": "server_error", "failure_class": "tailscale_http500_correlated_overlength_exact_input", "finish_reason": null, "integrity": "ok", "latency_ms": 262, "recovered": false, "score_count": 0, "status_code": 500}}
[14:23:43] [9/20 (45%)] tailscale_medical_rag/z-ai/glm-5.2 q=b156 r=1  API_ERROR=server_error  0.3s
{"outcome": {"attempt_delta": 1, "cell_key": "tailscale_medical_rag|A|b156|illes-balears|2022|caso-7|159|z-ai/glm-5.2|1", "error_message": null, "error_type": "server_error", "failure_class": "tailscale_http500_correlated_overlength_exact_input", "finish_reason": null, "integrity": "ok", "latency_ms": 333, "recovered": false, "score_count": 0, "status_code": 500}}
[14:23:43] [10/20 (50%)] tailscale_medical_rag/z-ai/glm-5.2 q=b157 r=1  API_ERROR=server_error  0.3s
[14:23:43] [11/20 (55%)] tailscale_medical_rag/z-ai/glm-5.2 q=b158 r=1  API_ERROR=server_error  0.3s
[14:23:43] [12/20 (60%)] tailscale_medical_rag/z-ai/glm-5.2 q=b160 r=1  API_ERROR=server_error  0.2s
[14:23:43] [13/20 (65%)] tailscale_medical_rag/z-ai/glm-5.2 q=b159 r=1  API_ERROR=server_error  0.2s
{"outcome": {"attempt_delta": 1, "cell_key": "tailscale_medical_rag|A|b157|illes-balears|2022|caso-7|160|z-ai/glm-5.2|1", "error_message": null, "error_type": "server_error", "failure_class": "tailscale_http500_correlated_overlength_exact_input", "finish_reason": null, "integrity": "ok", "latency_ms": 329, "recovered": false, "score_count": 0, "status_code": 500}}
{"outcome": {"attempt_delta": 1, "cell_key": "tailscale_medical_rag|A|b159|illes-balears|2022|caso-7|162|z-ai/glm-5.2|1", "error_message": null, "error_type": "server_error", "failure_class": "tailscale_http500_correlated_overlength_exact_input", "finish_reason": null, "integrity": "ok", "latency_ms": 193, "recovered": false, "score_count": 0, "status_code": 500}}
{"outcome": {"attempt_delta": 1, "cell_key": "tailscale_medical_rag|A|b160|illes-balears|2022|caso-7|163|z-ai/glm-5.2|1", "error_message": null, "error_type": "server_error", "failure_class": "tailscale_http500_correlated_overlength_exact_input", "finish_reason": null, "integrity": "ok", "latency_ms": 177, "recovered": false, "score_count": 0, "status_code": 500}}
{"outcome": {"attempt_delta": 1, "cell_key": "tailscale_medical_rag|A|b158|illes-balears|2022|caso-7|161|z-ai/glm-5.2|1", "error_message": null, "error_type": "server_error", "failure_class": "tailscale_http500_correlated_overlength_exact_input", "finish_reason": null, "integrity": "ok", "latency_ms": 334, "recovered": false, "score_count": 0, "status_code": 500}}
[14:23:43] [14/20 (70%)] tailscale_medical_rag/z-ai/glm-5.2 q=b161 r=1  API_ERROR=server_error  0.1s
{"outcome": {"attempt_delta": 1, "cell_key": "tailscale_medical_rag|A|b161|illes-balears|2022|caso-7|164|z-ai/glm-5.2|1", "error_message": null, "error_type": "server_error", "failure_class": "tailscale_http500_correlated_overlength_exact_input", "finish_reason": null, "integrity": "ok", "latency_ms": 149, "recovered": false, "score_count": 0, "status_code": 500}}
[14:23:44] [15/20 (75%)] tailscale_medical_rag/z-ai/glm-5.2 q=b163 r=1  API_ERROR=server_error  0.2s
{"outcome": {"attempt_delta": 1, "cell_key": "tailscale_medical_rag|A|b163|illes-balears|2022|caso-7|166|z-ai/glm-5.2|1", "error_message": null, "error_type": "server_error", "failure_class": "tailscale_http500_correlated_overlength_exact_input", "finish_reason": null, "integrity": "ok", "latency_ms": 160, "recovered": false, "score_count": 0, "status_code": 500}}
[14:24:29] [16/20 (80%)] tailscale_medical_rag/z-ai/glm-5.2 q=b264 r=1  parse=ok letter=a/b ✗  45.2s
{"outcome": {"attempt_delta": 1, "cell_key": "tailscale_medical_rag|A|b264|galicia|2022|reserva-especifica|101|z-ai/glm-5.2|1", "error_message": null, "error_type": null, "failure_class": "tailscale_glm_server_error_150s_after_retries", "finish_reason": "stop", "integrity": "ok", "latency_ms": 45152, "recovered": true, "score_count": 1, "status_code": 200}}
[14:26:14] [17/20 (85%)] tailscale_medical_rag/z-ai/glm-5.2 q=b199 r=1  API_ERROR=server_error  151.0s
[14:26:14] [18/20 (90%)] tailscale_medical_rag/z-ai/glm-5.2 q=b248 r=1  API_ERROR=server_error  151.0s
[14:26:14] [19/20 (95%)] tailscale_medical_rag/z-ai/glm-5.2 q=b260 r=1  API_ERROR=server_error  151.0s
{"outcome": {"attempt_delta": 1, "cell_key": "tailscale_medical_rag|A|b199|andalucia|2021|cuestionario-practico|134|z-ai/glm-5.2|1", "error_message": null, "error_type": "server_error", "failure_class": "tailscale_glm_server_error_150s_after_retries", "finish_reason": null, "integrity": "ok", "latency_ms": 151024, "recovered": false, "score_count": 0, "status_code": 500}}
{"outcome": {"attempt_delta": 1, "cell_key": "tailscale_medical_rag|A|b260|galicia|2022|reserva-especifica|106|z-ai/glm-5.2|1", "error_message": null, "error_type": "server_error", "failure_class": "tailscale_glm_server_error_150s_after_retries", "finish_reason": null, "integrity": "ok", "latency_ms": 151025, "recovered": false, "score_count": 0, "status_code": 500}}
{"outcome": {"attempt_delta": 1, "cell_key": "tailscale_medical_rag|A|b248|comunidad-de-madrid|2021|reserva-especifica|157|z-ai/glm-5.2|1", "error_message": null, "error_type": "server_error", "failure_class": "tailscale_glm_server_error_150s_after_retries", "finish_reason": null, "integrity": "ok", "latency_ms": 151024, "recovered": false, "score_count": 0, "status_code": 500}}
[14:26:15] [20/20 (100%)] tailscale_medical_rag/z-ai/glm-5.2 q=n031 r=1  API_ERROR=server_error  151.2s
{"outcome": {"attempt_delta": 1, "cell_key": "tailscale_medical_rag|A|n031|region-de-murcia|2019|main|124|z-ai/glm-5.2|1", "error_message": null, "error_type": "server_error", "failure_class": "tailscale_glm_server_error_150s_after_retries", "finish_reason": null, "integrity": "ok", "latency_ms": 151218, "recovered": false, "score_count": 0, "status_code": 500}}
{"summary": {"executed": 20, "not_started_after_abort": 0, "recovered": 1, "residual": 19, "stop_reason": null}}
