{"plan": {"arm": "tailscale_A", "execute": true, "max_concurrency": 5, "model": "google/gemma-4-26b-a4b-it", "provider": "tailscale_medical_rag", "queued": 22, "selected": 22, "skipped_already_scored": 0}}
[01:25:31] [1/22 (5%)] tailscale_medical_rag/google/gemma-4-26b-a4b-it q=r003 r=1  parse=ok letter=d/d ✓  10.1s
{"outcome": {"attempt_delta": 1, "cell_key": "tailscale_medical_rag|A|r003|andalucia|2021|cuestionario-teorico|51|google/gemma-4-26b-a4b-it|1", "error_message": null, "error_type": null, "finish_reason": "stop", "integrity": "ok", "latency_ms": 10067, "parse_status": "ok", "replacement_id": "r003", "score_count": 1, "scored": true, "selected_letter": "d", "status_code": 200, "strict_correct": 1}}
[01:25:31] [2/22 (9%)] tailscale_medical_rag/google/gemma-4-26b-a4b-it q=r004 r=1  parse=ok letter=d/d ✓  10.6s
{"outcome": {"attempt_delta": 1, "cell_key": "tailscale_medical_rag|A|r004|andalucia|2021|cuestionario-teorico|57|google/gemma-4-26b-a4b-it|1", "error_message": null, "error_type": null, "finish_reason": "stop", "integrity": "ok", "latency_ms": 10593, "parse_status": "ok", "replacement_id": "r004", "score_count": 1, "scored": true, "selected_letter": "d", "status_code": 200, "strict_correct": 1}}
[01:25:32] [3/22 (14%)] tailscale_medical_rag/google/gemma-4-26b-a4b-it q=r002 r=1  parse=ok letter=d/d ✓  11.2s
{"outcome": {"attempt_delta": 1, "cell_key": "tailscale_medical_rag|A|r002|navarra|2022|teorico-practica|69|google/gemma-4-26b-a4b-it|1", "error_message": null, "error_type": null, "finish_reason": "stop", "integrity": "ok", "latency_ms": 11150, "parse_status": "ok", "replacement_id": "r002", "score_count": 1, "scored": true, "selected_letter": "d", "status_code": 200, "strict_correct": 1}}
[01:25:34] [4/22 (18%)] tailscale_medical_rag/google/gemma-4-26b-a4b-it q=r005 r=1  parse=ok letter=d/d ✓  12.9s
{"outcome": {"attempt_delta": 1, "cell_key": "tailscale_medical_rag|A|r005|galicia|2019|main|65|google/gemma-4-26b-a4b-it|1", "error_message": null, "error_type": null, "finish_reason": "stop", "integrity": "ok", "latency_ms": 12879, "parse_status": "ok", "replacement_id": "r005", "score_count": 1, "scored": true, "selected_letter": "d", "status_code": 200, "strict_correct": 1}}
[01:25:36] [5/22 (23%)] tailscale_medical_rag/google/gemma-4-26b-a4b-it q=r001 r=1  parse=ok letter=d/d ✓  14.8s
{"outcome": {"attempt_delta": 1, "cell_key": "tailscale_medical_rag|A|r001|la-rioja|2021|main|46|google/gemma-4-26b-a4b-it|1", "error_message": null, "error_type": null, "finish_reason": "stop", "integrity": "ok", "latency_ms": 14786, "parse_status": "ok", "replacement_id": "r001", "score_count": 1, "scored": true, "selected_letter": "d", "status_code": 200, "strict_correct": 1}}
[01:25:44] [6/22 (27%)] tailscale_medical_rag/google/gemma-4-26b-a4b-it q=r007 r=1  parse=ok letter=d/d ✓  12.2s
{"outcome": {"attempt_delta": 1, "cell_key": "tailscale_medical_rag|A|r007|galicia|2019|main|81|google/gemma-4-26b-a4b-it|1", "error_message": null, "error_type": null, "finish_reason": "stop", "integrity": "ok", "latency_ms": 12247, "parse_status": "ok", "replacement_id": "r007", "score_count": 1, "scored": true, "selected_letter": "d", "status_code": 200, "strict_correct": 1}}
[01:25:44] [7/22 (32%)] tailscale_medical_rag/google/gemma-4-26b-a4b-it q=r008 r=1  parse=ok letter=c/c ✓  12.5s
{"outcome": {"attempt_delta": 1, "cell_key": "tailscale_medical_rag|A|r008|la-rioja|2024|main|95|google/gemma-4-26b-a4b-it|1", "error_message": null, "error_type": null, "finish_reason": "stop", "integrity": "ok", "latency_ms": 12547, "parse_status": "ok", "replacement_id": "r008", "score_count": 1, "scored": true, "selected_letter": "c", "status_code": 200, "strict_correct": 1}}
[01:25:45] [8/22 (36%)] tailscale_medical_rag/google/gemma-4-26b-a4b-it q=r006 r=1  parse=ok letter=b/b ✓  14.3s
{"outcome": {"attempt_delta": 1, "cell_key": "tailscale_medical_rag|A|r006|galicia|2016|main|86|google/gemma-4-26b-a4b-it|1", "error_message": null, "error_type": null, "finish_reason": "stop", "integrity": "ok", "latency_ms": 14297, "parse_status": "ok", "replacement_id": "r006", "score_count": 1, "scored": true, "selected_letter": "b", "status_code": 200, "strict_correct": 1}}
[01:25:45] [9/22 (41%)] tailscale_medical_rag/google/gemma-4-26b-a4b-it q=r009 r=1  parse=ok letter=b/b ✓  11.7s
{"outcome": {"attempt_delta": 1, "cell_key": "tailscale_medical_rag|A|r009|castilla-la-mancha|2017|main|22|google/gemma-4-26b-a4b-it|1", "error_message": null, "error_type": null, "finish_reason": "stop", "integrity": "ok", "latency_ms": 11732, "parse_status": "ok", "replacement_id": "r009", "score_count": 1, "scored": true, "selected_letter": "b", "status_code": 200, "strict_correct": 1}}
[01:25:50] [10/22 (45%)] tailscale_medical_rag/google/gemma-4-26b-a4b-it q=r010 r=1  parse=ok letter=b/b ✓  14.2s
{"outcome": {"attempt_delta": 1, "cell_key": "tailscale_medical_rag|A|r010|andalucia|2022|cuestionario-teorico|74|google/gemma-4-26b-a4b-it|1", "error_message": null, "error_type": null, "finish_reason": "stop", "integrity": "ok", "latency_ms": 14203, "parse_status": "ok", "replacement_id": "r010", "score_count": 1, "scored": true, "selected_letter": "b", "status_code": 200, "strict_correct": 1}}
[01:25:55] [11/22 (50%)] tailscale_medical_rag/google/gemma-4-26b-a4b-it q=r014 r=1  parse=ok letter=c/c ✓  10.1s
{"outcome": {"attempt_delta": 1, "cell_key": "tailscale_medical_rag|A|r014|castilla-la-mancha|2017|main|55|google/gemma-4-26b-a4b-it|1", "error_message": null, "error_type": null, "finish_reason": "stop", "integrity": "ok", "latency_ms": 10084, "parse_status": "ok", "replacement_id": "r014", "score_count": 1, "scored": true, "selected_letter": "c", "status_code": 200, "strict_correct": 1}}
[01:25:58] [12/22 (55%)] tailscale_medical_rag/google/gemma-4-26b-a4b-it q=r013 r=1  parse=ok letter=b/d ✗  12.9s
{"outcome": {"attempt_delta": 1, "cell_key": "tailscale_medical_rag|A|r013|la-rioja|2024|main|51|google/gemma-4-26b-a4b-it|1", "error_message": null, "error_type": null, "finish_reason": "stop", "integrity": "ok", "latency_ms": 12949, "parse_status": "ok", "replacement_id": "r013", "score_count": 1, "scored": true, "selected_letter": "b", "status_code": 200, "strict_correct": 0}}
[01:26:00] [13/22 (59%)] tailscale_medical_rag/google/gemma-4-26b-a4b-it q=r011 r=1  parse=ok letter=b/b ✓  15.9s
{"outcome": {"attempt_delta": 1, "cell_key": "tailscale_medical_rag|A|r011|andalucia|2021|cuestionario-teorico|23|google/gemma-4-26b-a4b-it|1", "error_message": null, "error_type": null, "finish_reason": "stop", "integrity": "ok", "latency_ms": 15898, "parse_status": "ok", "replacement_id": "r011", "score_count": 1, "scored": true, "selected_letter": "b", "status_code": 200, "strict_correct": 1}}
[01:26:01] [14/22 (64%)] tailscale_medical_rag/google/gemma-4-26b-a4b-it q=r015 r=1  parse=ok letter=c/c ✓  11.2s
{"outcome": {"attempt_delta": 1, "cell_key": "tailscale_medical_rag|A|r015|la-rioja|2024|main|98|google/gemma-4-26b-a4b-it|1", "error_message": null, "error_type": null, "finish_reason": "stop", "integrity": "ok", "latency_ms": 11162, "parse_status": "ok", "replacement_id": "r015", "score_count": 1, "scored": true, "selected_letter": "c", "status_code": 200, "strict_correct": 1}}
[01:26:08] [15/22 (68%)] tailscale_medical_rag/google/gemma-4-26b-a4b-it q=r016 r=1  parse=ok letter=c/c ✓  12.0s
{"outcome": {"attempt_delta": 1, "cell_key": "tailscale_medical_rag|A|r016|galicia|2016|main|92|google/gemma-4-26b-a4b-it|1", "error_message": null, "error_type": null, "finish_reason": "stop", "integrity": "ok", "latency_ms": 12044, "parse_status": "ok", "replacement_id": "r016", "score_count": 1, "scored": true, "selected_letter": "c", "status_code": 200, "strict_correct": 1}}
[01:26:13] [16/22 (73%)] tailscale_medical_rag/google/gemma-4-26b-a4b-it q=r019 r=1  parse=ok letter=c/c ✓  11.7s
{"outcome": {"attempt_delta": 1, "cell_key": "tailscale_medical_rag|A|r019|castilla-la-mancha|2017|main|73|google/gemma-4-26b-a4b-it|1", "error_message": null, "error_type": null, "finish_reason": "stop", "integrity": "ok", "latency_ms": 11694, "parse_status": "ok", "replacement_id": "r019", "score_count": 1, "scored": true, "selected_letter": "c", "status_code": 200, "strict_correct": 1}}
[01:26:14] [17/22 (77%)] tailscale_medical_rag/google/gemma-4-26b-a4b-it q=r012 r=1  parse=ok letter=d/b ✗  29.1s
{"outcome": {"attempt_delta": 1, "cell_key": "tailscale_medical_rag|A|r012|andalucia|2021|cuestionario-teorico|94|google/gemma-4-26b-a4b-it|1", "error_message": null, "error_type": null, "finish_reason": "stop", "integrity": "ok", "latency_ms": 29135, "parse_status": "ok", "replacement_id": "r012", "score_count": 1, "scored": true, "selected_letter": "d", "status_code": 200, "strict_correct": 0}}
[01:26:19] [18/22 (82%)] tailscale_medical_rag/google/gemma-4-26b-a4b-it q=r020 r=1  parse=ok letter=d/d ✓  11.9s
{"outcome": {"attempt_delta": 1, "cell_key": "tailscale_medical_rag|A|r020|navarra|2022|teorico-practica|65|google/gemma-4-26b-a4b-it|1", "error_message": null, "error_type": null, "finish_reason": "stop", "integrity": "ok", "latency_ms": 11864, "parse_status": "ok", "replacement_id": "r020", "score_count": 1, "scored": true, "selected_letter": "d", "status_code": 200, "strict_correct": 1}}
[01:26:20] [19/22 (86%)] tailscale_medical_rag/google/gemma-4-26b-a4b-it q=r017 r=1  parse=ok letter=b/c ✗  21.9s
{"outcome": {"attempt_delta": 1, "cell_key": "tailscale_medical_rag|A|r017|castilla-la-mancha|2017|main|31|google/gemma-4-26b-a4b-it|1", "error_message": null, "error_type": null, "finish_reason": "stop", "integrity": "ok", "latency_ms": 21884, "parse_status": "ok", "replacement_id": "r017", "score_count": 1, "scored": true, "selected_letter": "b", "status_code": 200, "strict_correct": 0}}
[01:26:23] [20/22 (91%)] tailscale_medical_rag/google/gemma-4-26b-a4b-it q=r018 r=1  parse=ok letter=b/b ✓  23.1s
{"outcome": {"attempt_delta": 1, "cell_key": "tailscale_medical_rag|A|r018|la-rioja|2021|main|4|google/gemma-4-26b-a4b-it|1", "error_message": null, "error_type": null, "finish_reason": "stop", "integrity": "ok", "latency_ms": 23082, "parse_status": "ok", "replacement_id": "r018", "score_count": 1, "scored": true, "selected_letter": "b", "status_code": 200, "strict_correct": 1}}
[01:26:24] [21/22 (95%)] tailscale_medical_rag/google/gemma-4-26b-a4b-it q=r022 r=1  parse=ok letter=c/c ✓  10.5s
{"outcome": {"attempt_delta": 1, "cell_key": "tailscale_medical_rag|A|r022|galicia|2019|main|42|google/gemma-4-26b-a4b-it|1", "error_message": null, "error_type": null, "finish_reason": "stop", "integrity": "ok", "latency_ms": 10488, "parse_status": "ok", "replacement_id": "r022", "score_count": 1, "scored": true, "selected_letter": "c", "status_code": 200, "strict_correct": 1}}
[01:26:33] [22/22 (100%)] tailscale_medical_rag/google/gemma-4-26b-a4b-it q=r021 r=1  parse=ok letter=b/b ✓  20.4s
{"outcome": {"attempt_delta": 1, "cell_key": "tailscale_medical_rag|A|r021|andalucia|2022|cuestionario-teorico|62|google/gemma-4-26b-a4b-it|1", "error_message": null, "error_type": null, "finish_reason": "stop", "integrity": "ok", "latency_ms": 20372, "parse_status": "ok", "replacement_id": "r021", "score_count": 1, "scored": true, "selected_letter": "b", "status_code": 200, "strict_correct": 1}}
{"summary": {"executed": 22, "not_started": 0, "scored": 22, "skipped_already_scored": 0, "stop_reason": null, "unresolved": 0}}
