{"plan": {"arm": "tailscale_A", "execute": true, "max_concurrency": 5, "model": "z-ai/glm-5.2", "provider": "tailscale_medical_rag", "queued": 22, "selected": 22, "skipped_already_scored": 0}}
[01:29:57] [1/22 (5%)] tailscale_medical_rag/z-ai/glm-5.2 q=r002 r=1  parse=ok letter=d/d ✓  11.5s
{"outcome": {"attempt_delta": 1, "cell_key": "tailscale_medical_rag|A|r002|navarra|2022|teorico-practica|69|z-ai/glm-5.2|1", "error_message": null, "error_type": null, "finish_reason": "stop", "integrity": "ok", "latency_ms": 11475, "parse_status": "ok", "replacement_id": "r002", "score_count": 1, "scored": true, "selected_letter": "d", "status_code": 200, "strict_correct": 1}}
[01:29:58] [2/22 (9%)] tailscale_medical_rag/z-ai/glm-5.2 q=r003 r=1  parse=ok letter=d/d ✓  11.8s
{"outcome": {"attempt_delta": 1, "cell_key": "tailscale_medical_rag|A|r003|andalucia|2021|cuestionario-teorico|51|z-ai/glm-5.2|1", "error_message": null, "error_type": null, "finish_reason": "stop", "integrity": "ok", "latency_ms": 11752, "parse_status": "ok", "replacement_id": "r003", "score_count": 1, "scored": true, "selected_letter": "d", "status_code": 200, "strict_correct": 1}}
[01:29:59] [3/22 (14%)] tailscale_medical_rag/z-ai/glm-5.2 q=r004 r=1  parse=ok letter=d/d ✓  13.0s
{"outcome": {"attempt_delta": 1, "cell_key": "tailscale_medical_rag|A|r004|andalucia|2021|cuestionario-teorico|57|z-ai/glm-5.2|1", "error_message": null, "error_type": null, "finish_reason": "stop", "integrity": "ok", "latency_ms": 12973, "parse_status": "ok", "replacement_id": "r004", "score_count": 1, "scored": true, "selected_letter": "d", "status_code": 200, "strict_correct": 1}}
[01:29:59] [4/22 (18%)] tailscale_medical_rag/z-ai/glm-5.2 q=r005 r=1  parse=ok letter=d/d ✓  13.2s
{"outcome": {"attempt_delta": 1, "cell_key": "tailscale_medical_rag|A|r005|galicia|2019|main|65|z-ai/glm-5.2|1", "error_message": null, "error_type": null, "finish_reason": "stop", "integrity": "ok", "latency_ms": 13168, "parse_status": "ok", "replacement_id": "r005", "score_count": 1, "scored": true, "selected_letter": "d", "status_code": 200, "strict_correct": 1}}
[01:30:05] [5/22 (23%)] tailscale_medical_rag/z-ai/glm-5.2 q=r001 r=1  parse=ok letter=d/d ✓  18.8s
{"outcome": {"attempt_delta": 1, "cell_key": "tailscale_medical_rag|A|r001|la-rioja|2021|main|46|z-ai/glm-5.2|1", "error_message": null, "error_type": null, "finish_reason": "stop", "integrity": "ok", "latency_ms": 18836, "parse_status": "ok", "replacement_id": "r001", "score_count": 1, "scored": true, "selected_letter": "d", "status_code": 200, "strict_correct": 1}}
[01:30:11] [6/22 (27%)] tailscale_medical_rag/z-ai/glm-5.2 q=r008 r=1  parse=ok letter=c/c ✓  12.5s
{"outcome": {"attempt_delta": 1, "cell_key": "tailscale_medical_rag|A|r008|la-rioja|2024|main|95|z-ai/glm-5.2|1", "error_message": null, "error_type": null, "finish_reason": "stop", "integrity": "ok", "latency_ms": 12508, "parse_status": "ok", "replacement_id": "r008", "score_count": 1, "scored": true, "selected_letter": "c", "status_code": 200, "strict_correct": 1}}
[01:30:13] [7/22 (32%)] tailscale_medical_rag/z-ai/glm-5.2 q=r009 r=1  parse=ok letter=b/b ✓  13.4s
{"outcome": {"attempt_delta": 1, "cell_key": "tailscale_medical_rag|A|r009|castilla-la-mancha|2017|main|22|z-ai/glm-5.2|1", "error_message": null, "error_type": null, "finish_reason": "stop", "integrity": "ok", "latency_ms": 13404, "parse_status": "ok", "replacement_id": "r009", "score_count": 1, "scored": true, "selected_letter": "b", "status_code": 200, "strict_correct": 1}}
[01:30:13] [8/22 (36%)] tailscale_medical_rag/z-ai/glm-5.2 q=r006 r=1  parse=ok letter=b/b ✓  15.6s
{"outcome": {"attempt_delta": 1, "cell_key": "tailscale_medical_rag|A|r006|galicia|2016|main|86|z-ai/glm-5.2|1", "error_message": null, "error_type": null, "finish_reason": "stop", "integrity": "ok", "latency_ms": 15578, "parse_status": "ok", "replacement_id": "r006", "score_count": 1, "scored": true, "selected_letter": "b", "status_code": 200, "strict_correct": 1}}
[01:30:15] [9/22 (41%)] tailscale_medical_rag/z-ai/glm-5.2 q=r007 r=1  parse=ok letter=d/d ✓  17.3s
{"outcome": {"attempt_delta": 1, "cell_key": "tailscale_medical_rag|A|r007|galicia|2019|main|81|z-ai/glm-5.2|1", "error_message": null, "error_type": null, "finish_reason": "stop", "integrity": "ok", "latency_ms": 17265, "parse_status": "ok", "replacement_id": "r007", "score_count": 1, "scored": true, "selected_letter": "d", "status_code": 200, "strict_correct": 1}}
[01:30:26] [10/22 (45%)] tailscale_medical_rag/z-ai/glm-5.2 q=r010 r=1  parse=ok letter=b/b ✓  21.5s
{"outcome": {"attempt_delta": 1, "cell_key": "tailscale_medical_rag|A|r010|andalucia|2022|cuestionario-teorico|74|z-ai/glm-5.2|1", "error_message": null, "error_type": null, "finish_reason": "stop", "integrity": "ok", "latency_ms": 21537, "parse_status": "ok", "replacement_id": "r010", "score_count": 1, "scored": true, "selected_letter": "b", "status_code": 200, "strict_correct": 1}}
[01:30:27] [11/22 (50%)] tailscale_medical_rag/z-ai/glm-5.2 q=r013 r=1  parse=ok letter=d/d ✓  14.2s
{"outcome": {"attempt_delta": 1, "cell_key": "tailscale_medical_rag|A|r013|la-rioja|2024|main|51|z-ai/glm-5.2|1", "error_message": null, "error_type": null, "finish_reason": "stop", "integrity": "ok", "latency_ms": 14154, "parse_status": "ok", "replacement_id": "r013", "score_count": 1, "scored": true, "selected_letter": "d", "status_code": 200, "strict_correct": 1}}
[01:30:29] [12/22 (55%)] tailscale_medical_rag/z-ai/glm-5.2 q=r014 r=1  parse=ok letter=c/c ✓  13.9s
{"outcome": {"attempt_delta": 1, "cell_key": "tailscale_medical_rag|A|r014|castilla-la-mancha|2017|main|55|z-ai/glm-5.2|1", "error_message": null, "error_type": null, "finish_reason": "stop", "integrity": "ok", "latency_ms": 13924, "parse_status": "ok", "replacement_id": "r014", "score_count": 1, "scored": true, "selected_letter": "c", "status_code": 200, "strict_correct": 1}}
[01:30:32] [13/22 (59%)] tailscale_medical_rag/z-ai/glm-5.2 q=r011 r=1  parse=ok letter=b/b ✓  20.1s
{"outcome": {"attempt_delta": 1, "cell_key": "tailscale_medical_rag|A|r011|andalucia|2021|cuestionario-teorico|23|z-ai/glm-5.2|1", "error_message": null, "error_type": null, "finish_reason": "stop", "integrity": "ok", "latency_ms": 20122, "parse_status": "ok", "replacement_id": "r011", "score_count": 1, "scored": true, "selected_letter": "b", "status_code": 200, "strict_correct": 1}}
[01:30:37] [14/22 (64%)] tailscale_medical_rag/z-ai/glm-5.2 q=r012 r=1  parse=ok letter=b/b ✓  24.8s
{"outcome": {"attempt_delta": 1, "cell_key": "tailscale_medical_rag|A|r012|andalucia|2021|cuestionario-teorico|94|z-ai/glm-5.2|1", "error_message": null, "error_type": null, "finish_reason": "stop", "integrity": "ok", "latency_ms": 24845, "parse_status": "ok", "replacement_id": "r012", "score_count": 1, "scored": true, "selected_letter": "b", "status_code": 200, "strict_correct": 1}}
[01:30:38] [15/22 (68%)] tailscale_medical_rag/z-ai/glm-5.2 q=r015 r=1  parse=ok letter=c/c ✓  12.0s
{"outcome": {"attempt_delta": 1, "cell_key": "tailscale_medical_rag|A|r015|la-rioja|2024|main|98|z-ai/glm-5.2|1", "error_message": null, "error_type": null, "finish_reason": "stop", "integrity": "ok", "latency_ms": 11991, "parse_status": "ok", "replacement_id": "r015", "score_count": 1, "scored": true, "selected_letter": "c", "status_code": 200, "strict_correct": 1}}
[01:30:42] [16/22 (73%)] tailscale_medical_rag/z-ai/glm-5.2 q=r017 r=1  parse=ok letter=c/c ✓  12.6s
{"outcome": {"attempt_delta": 1, "cell_key": "tailscale_medical_rag|A|r017|castilla-la-mancha|2017|main|31|z-ai/glm-5.2|1", "error_message": null, "error_type": null, "finish_reason": "stop", "integrity": "ok", "latency_ms": 12564, "parse_status": "ok", "replacement_id": "r017", "score_count": 1, "scored": true, "selected_letter": "c", "status_code": 200, "strict_correct": 1}}
[01:30:44] [17/22 (77%)] tailscale_medical_rag/z-ai/glm-5.2 q=r016 r=1  parse=ok letter=c/c ✓  16.9s
{"outcome": {"attempt_delta": 1, "cell_key": "tailscale_medical_rag|A|r016|galicia|2016|main|92|z-ai/glm-5.2|1", "error_message": null, "error_type": null, "finish_reason": "stop", "integrity": "ok", "latency_ms": 16855, "parse_status": "ok", "replacement_id": "r016", "score_count": 1, "scored": true, "selected_letter": "c", "status_code": 200, "strict_correct": 1}}
[01:30:52] [18/22 (82%)] tailscale_medical_rag/z-ai/glm-5.2 q=r020 r=1  parse=ok letter=d/d ✓  13.2s
{"outcome": {"attempt_delta": 1, "cell_key": "tailscale_medical_rag|A|r020|navarra|2022|teorico-practica|65|z-ai/glm-5.2|1", "error_message": null, "error_type": null, "finish_reason": "stop", "integrity": "ok", "latency_ms": 13175, "parse_status": "ok", "replacement_id": "r020", "score_count": 1, "scored": true, "selected_letter": "d", "status_code": 200, "strict_correct": 1}}
[01:30:57] [19/22 (86%)] tailscale_medical_rag/z-ai/glm-5.2 q=r019 r=1  parse=ok letter=c/c ✓  19.9s
{"outcome": {"attempt_delta": 1, "cell_key": "tailscale_medical_rag|A|r019|castilla-la-mancha|2017|main|73|z-ai/glm-5.2|1", "error_message": null, "error_type": null, "finish_reason": "stop", "integrity": "ok", "latency_ms": 19938, "parse_status": "ok", "replacement_id": "r019", "score_count": 1, "scored": true, "selected_letter": "c", "status_code": 200, "strict_correct": 1}}
[01:30:58] [20/22 (91%)] tailscale_medical_rag/z-ai/glm-5.2 q=r021 r=1  parse=ok letter=b/b ✓  16.7s
{"outcome": {"attempt_delta": 1, "cell_key": "tailscale_medical_rag|A|r021|andalucia|2022|cuestionario-teorico|62|z-ai/glm-5.2|1", "error_message": null, "error_type": null, "finish_reason": "stop", "integrity": "ok", "latency_ms": 16743, "parse_status": "ok", "replacement_id": "r021", "score_count": 1, "scored": true, "selected_letter": "b", "status_code": 200, "strict_correct": 1}}
[01:31:00] [21/22 (95%)] tailscale_medical_rag/z-ai/glm-5.2 q=r022 r=1  parse=ok letter=c/c ✓  16.3s
{"outcome": {"attempt_delta": 1, "cell_key": "tailscale_medical_rag|A|r022|galicia|2019|main|42|z-ai/glm-5.2|1", "error_message": null, "error_type": null, "finish_reason": "stop", "integrity": "ok", "latency_ms": 16334, "parse_status": "ok", "replacement_id": "r022", "score_count": 1, "scored": true, "selected_letter": "c", "status_code": 200, "strict_correct": 1}}
[01:31:05] [22/22 (100%)] tailscale_medical_rag/z-ai/glm-5.2 q=r018 r=1  parse=ok letter=b/b ✓  33.8s
{"outcome": {"attempt_delta": 1, "cell_key": "tailscale_medical_rag|A|r018|la-rioja|2021|main|4|z-ai/glm-5.2|1", "error_message": null, "error_type": null, "finish_reason": "stop", "integrity": "ok", "latency_ms": 33786, "parse_status": "ok", "replacement_id": "r018", "score_count": 1, "scored": true, "selected_letter": "b", "status_code": 200, "strict_correct": 1}}
{"summary": {"executed": 22, "not_started": 0, "scored": 22, "skipped_already_scored": 0, "stop_reason": null, "unresolved": 0}}
